2026-07-20 17:15:56 归档开始：backend\http.txt
2026-07-20 17:15:56 归档成功（已删 txt）：C:\Users\85325\AppData\Local\Temp\tmpzj6n0yxm\vault\backend\http.md
2026-07-20 17:15:56 归档开始：diary\diary.txt
2026-07-20 17:15:56 日记归档成功（已清除当日内容，保留文件）：C:\Users\85325\AppData\Local\Temp\tmpzj6n0yxm\vault\diary\2026-07-20-日记.md
2026-07-20 17:15:56 归档开始：diary\note.txt
2026-07-20 17:15:56 日记归档成功（保留 txt）：C:\Users\85325\AppData\Local\Temp\tmpzj6n0yxm\vault\diary\note.md
2026-07-20 17:16:07 归档开始：backend\http.txt
2026-07-20 17:16:07 归档成功（已删 txt）：C:\Users\85325\AppData\Local\Temp\tmpu5tfet29\vault\backend\http.md
2026-07-20 17:16:07 归档开始：diary\diary.txt
2026-07-20 17:16:07 日记归档成功（已清除当日内容，保留文件）：C:\Users\85325\AppData\Local\Temp\tmpu5tfet29\vault\diary\2026-07-20-日记.md
2026-07-20 17:16:07 归档开始：diary\note.txt
2026-07-20 17:16:07 日记归档成功（保留 txt）：C:\Users\85325\AppData\Local\Temp\tmpu5tfet29\vault\diary\note.md
2026-07-20 17:44:27 === run_nightly 开始 ===
2026-07-20 17:44:27 === run_digest 开始 ===
2026-07-20 17:44:56 Agent 回复摘要: 已处理 2 条知识点，输出文件为 D:\陈总的ob仓库\04_每日知识点整理\2026-07-20-知识点整理.md，暂存文件已清空。
2026-07-20 17:44:56 成功：已写出 D:\陈总的ob仓库\04_每日知识点整理\2026-07-20-知识点整理.md
2026-07-20 17:44:56 === run_digest 结束 exit=0 ===
2026-07-20 17:44:56 === run_archive 开始 ===
2026-07-20 17:44:56 待归档 txt 数量：5
2026-07-20 17:44:56 归档开始：05_后端知识\01_http和https是什么.txt
2026-07-20 17:45:12 归档成功（已删 txt）：D:\陈总的ob仓库\05_后端知识\01_http和https是什么.md
2026-07-20 17:45:12 归档开始：05_后端知识\02_后端api设计模式.txt
2026-07-20 17:45:30 归档成功（已删 txt）：D:\陈总的ob仓库\05_后端知识\02_后端api设计模式.md
2026-07-20 17:45:30 归档开始：05_后端知识\03_后端名词和技术选型.txt
2026-07-20 17:45:46 归档成功（已删 txt）：D:\陈总的ob仓库\05_后端知识\03_后端名词和技术选型.md
2026-07-20 17:45:46 归档开始：05_后端知识\04_后端技术栈与异常处理.txt
2026-07-20 17:46:19 归档成功（已删 txt）：D:\陈总的ob仓库\05_后端知识\04_后端技术栈与异常处理.md
2026-07-20 17:46:19 归档开始：11_小陈日记\日记暂存.txt
2026-07-20 17:46:19 日记归档成功（已清除当日内容，保留文件）：D:\陈总的ob仓库\11_小陈日记\2026-07-20-日记.md
2026-07-20 17:46:19 === run_archive 结束 exit=0 ===
2026-07-20 17:46:19 === run_nightly 结束 exit=0 ===
2026-07-20 20:18:49 === run_nightly 开始 ===
2026-07-20 20:18:49 === run_digest 开始 ===
2026-07-20 20:18:49 跳过：无内容
2026-07-20 20:18:49 === run_digest 结束 exit=0 ===
2026-07-20 20:18:49 === run_archive 开始 ===
2026-07-20 20:18:49 跳过：暂存目录无待归档 txt
2026-07-20 20:18:49 === run_archive 结束 exit=0 ===
2026-07-20 20:18:49 === run_nightly 结束 exit=0 ===
2026-07-20 22:00:23 === run_nightly 开始 ===
2026-07-20 22:00:23 === run_digest 开始 ===
2026-07-20 22:01:08 Agent 回复摘要: 已处理 1 条知识点，输出文件为 D:\陈总的ob仓库\04_每日知识点整理\2026-07-20-知识点整理.md，暂存文件已清空。
2026-07-20 22:01:08 成功：已写出 D:\陈总的ob仓库\04_每日知识点整理\2026-07-20-知识点整理.md
2026-07-20 22:01:08 === run_digest 结束 exit=0 ===
2026-07-20 22:01:08 === run_archive 开始 ===
2026-07-20 22:01:08 待归档 txt 数量：1
2026-07-20 22:01:09 归档开始：06_全栈知识\01_全栈知识.txt
2026-07-20 22:01:22 归档成功（已删 txt）：D:\陈总的ob仓库\06_全栈知识\01_全栈知识.md
2026-07-20 22:01:22 === run_archive 结束 exit=0 ===
2026-07-20 22:01:22 === run_nightly 结束 exit=0 ===
2026-07-20 23:07:27 === run_nightly 开始 ===
2026-07-20 23:07:27 === run_digest 开始 ===
2026-07-20 23:07:52 Agent 回复摘要: 已处理 2 条知识点，输出文件为：D:\陈总的ob仓库\04_每日知识点整理\2026-07-20-知识点整理.md，暂存文件已清空。
2026-07-20 23:07:52 成功：已写出 D:\陈总的ob仓库\04_每日知识点整理\2026-07-20-知识点整理.md
2026-07-20 23:07:52 === run_digest 结束 exit=0 ===
2026-07-20 23:07:52 === run_archive 开始 ===
2026-07-20 23:07:52 待归档 txt 数量：4
2026-07-20 23:07:52 归档开始：06_全栈知识\全栈ai应用工程师要做什么.txt
2026-07-20 23:08:06 归档成功（已删 txt）：D:\陈总的ob仓库\06_全栈知识\全栈ai应用工程师要做什么.md
2026-07-20 23:08:06 归档开始：06_全栈知识\网页端app工作流.txt
2026-07-20 23:08:19 归档成功（已删 txt）：D:\陈总的ob仓库\06_全栈知识\网页端app工作流.md
2026-07-20 23:08:19 归档开始：07_前端知识\01_JavaScript简介.txt
2026-07-20 23:08:32 归档成功（已删 txt）：D:\陈总的ob仓库\07_前端知识\01_JavaScript简介.md
2026-07-20 23:08:32 归档开始：07_前端知识\02_React（或 Vue）+ Ant Design 搭建前端界面.txt
2026-07-20 23:08:47 归档成功（已删 txt）：D:\陈总的ob仓库\07_前端知识\02_React（或 Vue）+ Ant Design 搭建前端界面.md
2026-07-20 23:08:47 === run_archive 结束 exit=0 ===
2026-07-20 23:08:47 === run_nightly 结束 exit=0 ===
