2026-07-21 10:03:05 已同步新建目录到仓库：02_ai相关\03_agent框架
2026-07-21 11:29:08 === run_nightly 开始 ===
2026-07-21 11:29:08 === run_digest 开始 ===
2026-07-21 11:29:08 跳过：无内容
2026-07-21 11:29:08 === run_digest 结束 exit=0 ===
2026-07-21 11:29:08 === run_archive 开始 ===
2026-07-21 11:29:08 目录同步：无新增目录
2026-07-21 11:29:08 待归档 txt 数量：5
2026-07-21 11:29:08 归档开始：02_ai相关\03_agent框架\01_langchain是什么.txt
2026-07-21 11:29:31 归档成功（已删 txt）：D:\陈总的ob仓库\02_ai相关\03_agent框架\01_langchain是什么.md
2026-07-21 11:29:31 归档开始：02_ai相关\03_agent框架\02_框架设计与选型.txt
2026-07-21 11:29:48 归档成功（已删 txt）：D:\陈总的ob仓库\02_ai相关\03_agent框架\02_框架设计与选型.md
2026-07-21 11:29:48 归档开始：02_ai相关\03_agent框架\03_从模型应用到微调.txt
2026-07-21 11:30:05 归档成功（已删 txt）：D:\陈总的ob仓库\02_ai相关\03_agent框架\03_从模型应用到微调.md
2026-07-21 11:30:05 归档开始：02_ai相关\03_agent框架\04_神经网络基础与TensorFlow实战.txt
2026-07-21 11:30:17 归档成功（已删 txt）：D:\陈总的ob仓库\02_ai相关\03_agent框架\04_神经网络基础与TensorFlow实战.md
2026-07-21 11:30:17 归档开始：02_ai相关\03_agent框架\05_pytorch与视觉检测.txt
2026-07-21 11:30:24 归档成功（已删 txt）：D:\陈总的ob仓库\02_ai相关\03_agent框架\05_pytorch与视觉检测.md
2026-07-21 11:30:24 === run_archive 结束 exit=0 ===
2026-07-21 11:30:24 === run_nightly 结束 exit=0 ===
