2026-07-19 17:37:41 === run_digest 开始 ===
2026-07-19 17:38:31 Agent 回复摘要: 已成功整理 3 条知识点，输出至：`D:\陈总的ob仓库\04_每日知识点整理\2026-07-19-知识点整理.md`；桌面暂存文件 `想法暂存.txt` 已清空。
2026-07-19 17:38:31 成功：已写出 D:\陈总的ob仓库\04_每日知识点整理\2026-07-19-知识点整理.md
2026-07-19 17:38:31 === run_digest 结束 exit=0 ===
2026-07-19 17:38:46 === run_digest 开始 ===
2026-07-19 17:38:46 跳过：无内容
2026-07-19 17:38:46 === run_digest 结束 exit=0 ===
2026-07-19 18:03:16 === run_digest 开始 ===
2026-07-19 18:03:58 Agent 回复摘要: 已处理 1 条知识点，输出至：`D:\陈总的ob仓库\04_每日知识点整理\2026-07-19-知识点整理.md`；桌面 `想法暂存.txt` 已清空。
2026-07-19 18:03:58 成功：已写出 D:\陈总的ob仓库\04_每日知识点整理\2026-07-19-知识点整理.md
2026-07-19 18:03:58 === run_digest 结束 exit=0 ===
2026-07-19 18:06:02 === run_digest 开始 ===
2026-07-19 18:06:16 Agent 回复摘要: 今日共处理 1 条知识点，已生成 Markdown 文件：`D:\陈总的ob仓库\04_每日知识点整理\2026-07-19-知识点整理.md`；桌面暂存文件 `想法暂存.txt` 已清空。
2026-07-19 18:06:16 成功：已写出 D:\陈总的ob仓库\04_每日知识点整理\2026-07-19-知识点整理.md
2026-07-19 18:06:16 === run_digest 结束 exit=0 ===
2026-07-19 18:06:28 === run_digest 开始 ===
2026-07-19 18:06:28 跳过：无内容
2026-07-19 18:06:28 === run_digest 结束 exit=0 ===
2026-07-19 18:12:55 === run_digest 开始 ===
2026-07-19 18:13:22 Agent 回复摘要: 今日共处理 1 条知识点（“MoE 的稀疏激活率”），已生成完整 Markdown 笔记并保存至：  
`D:\陈总的ob仓库\04_每日知识点整理\2026-07-19-知识点整理.md`  
桌面 `想法暂存.txt` 已清空。
2026-07-19 18:13:22 成功：已写出 D:\陈总的ob仓库\04_每日知识点整理\2026-07-19-知识点整理.md
2026-07-19 18:13:22 === run_digest 结束 exit=0 ===
2026-07-19 22:00:04 === run_digest 开始 ===
2026-07-19 22:00:40 Agent 回复摘要: 已处理 1 条知识点，输出文件为：D:\陈总的ob仓库\04_每日知识点整理\2026-07-19-知识点整理.md，暂存已清空。
2026-07-19 22:00:40 成功：已写出 D:\陈总的ob仓库\04_每日知识点整理\2026-07-19-知识点整理.md
2026-07-19 22:00:40 === run_digest 结束 exit=0 ===
